{"valid": true, "tokens": [{"type": "RESOLVE"}, {"type": "BECAUSE"}, {"type": "MODE"}, {"type": "REQUIRES"}, {"type": "EXECUTE"}, {"type": "REVERSIBLE"}, {"type": "AUDIT"}, {"type": "WATCH"}, {"type": "ON"}, {"type": "STATE"}, {"type": "CONFIG"}, {"type": "SCHEDULE"}, {"type": "NEWLINE"}, {"type": "EOF"}]}
